2025-06-06 20:08:00 | DEBUG | repo=libuv | action=commit
2025-01-04 19:00:00 | DEBUG | repo=libuv | action=commit
2025-06-22 14:43:00 | INFO | repo=libuv | action=commit
2025-09-16 18:56:00 | INFO | repo=libuv | action=commit
2025-05-06 08:09:00 | WARN | repo=libuv | action=commit
2025-11-28 19:10:00 | DEBUG | repo=libuv | action=commit
2025-11-09 18:09:00 | INFO | repo=libuv | action=commit
2025-10-18 08:58:00 | INFO | repo=libuv | action=commit
2025-02-07 17:55:00 | DEBUG | repo=libuv | action=pull
2025-06-13 20:15:00 | DEBUG | repo=libuv | action=edit | files=1
2025-01-14 20:42:00 | WARN | repo=libuv | action=edit | files=1
2025-01-13 10:11:00 | INFO | repo=libuv | action=commit
2025-07-19 08:14:00 | WARN | repo=libuv | action=commit
2025-06-03 21:51:00 | INFO | repo=libuv | action=edit | files=5
2025-05-09 15:36:00 | INFO | repo=libuv | action=commit
2025-10-21 19:31:00 | INFO | repo=libuv | action=commit
2025-10-08 11:42:00 | WARN | repo=libuv | action=pull
2025-12-02 15:53:00 | WARN | repo=libuv | action=test | passed=true
2025-01-10 08:47:00 | DEBUG | repo=libuv | action=edit | files=1
2025-12-02 13:23:00 | DEBUG | repo=libuv | action=commit
2025-05-11 20:36:00 | WARN | repo=libuv | action=commit
2025-07-18 12:58:00 | INFO | repo=libuv | action=commit
2025-10-19 21:44:00 | INFO | repo=libuv | action=commit
2025-03-14 11:29:00 | INFO | repo=libuv | action=commit
2025-11-08 13:18:00 | WARN | repo=libuv | action=pull
2025-12-11 08:33:00 | DEBUG | repo=libuv | action=edit | files=3
2025-06-09 19:41:00 | WARN | repo=libuv | action=pull
2025-05-16 07:31:00 | WARN | repo=libuv | action=commit
2025-07-08 20:02:00 | INFO | repo=libuv | action=commit
